// Jest Snapshot v1, https://goo.gl/fbAQLP

exports[`<GameDescription /> matches snapshot 1`] = `
<div>
  <div
    class="root"
  >
    <div>
      description
    </div>
  </div>
</div>
`;
