// Jest Snapshot v1, https://goo.gl/fbAQLP

exports[`<MenuItemList /> matches snapshot 1`] = `
<div>
  <div
    class="root"
  >
    <div>
      <div
        class="title"
      >
        Developers
      </div>
    </div>
    <div>
      <div
        class="item"
      >
        <img
          alt="Feral Interactive"
          class="background"
          height="32"
          src="https://media.rawg.io/media/crop/600/400/games/157/15742f2f67eacff546738e1ab5c19d20.jpg"
          width="32"
        />
        <div
          class="name"
        >
          Feral Interactive
        </div>
      </div>
    </div>
    <div>
      <div
        class="item"
      >
        <img
          alt="Ubisoft"
          class="background"
          height="32"
          src="https://media.rawg.io/media/crop/600/400/games/5e4/5e4bff02098b2b6f824c68286d5da1a6.jpg"
          width="32"
        />
        <div
          class="name"
        >
          Ubisoft
        </div>
      </div>
    </div>
  </div>
</div>
`;
