// Jest Snapshot v1, https://goo.gl/fbAQLP

exports[`<SuggestedGames /> matches snapshot 1`] = `
<div>
  <div
    class="root"
  >
    <div
      class="title"
    >
      Games like Game
    </div>
    <div
      class="cards"
    >
      <div>
        <div
          class="root"
        >
          <div
            class="media"
            role="button"
            style="height: auto;"
            tabindex="0"
          >
            <img
              alt="Portal 2"
              class="image"
              src="https://media.rawg.io/media/crop/600/400/games/328/3283617cb7d75d67257fc58339188742.jpg"
            />
          </div>
          <div
            class="content"
          >
            <div
              class="header"
            >
              <div
                class="title"
              >
                Portal 2
              </div>
              <div
                class="score"
              >
                4.6
              </div>
            </div>
            <div
              class="platforms"
            >
              Platforms: 
              <div>
                <span
                  class="item"
                >
                  PC, 
                </span>
              </div>
              <div>
                <span
                  class="item"
                >
                  Xbox One
                </span>
              </div>
            </div>
          </div>
        </div>
      </div>
      <div>
        <div
          class="root"
        >
          <div
            class="media"
            role="button"
            style="height: auto;"
            tabindex="0"
          >
            <img
              alt="Tomb Raider (2013)"
              class="image"
              src="https://media.rawg.io/media/crop/600/400/games/ad2/ad2ffdf80ba993654f31da045bc02456.jpg"
            />
          </div>
          <div
            class="content"
          >
            <div
              class="header"
            >
              <div
                class="title"
              >
                Tomb Raider (2013)
              </div>
              <div
                class="score"
              >
                4.1
              </div>
            </div>
            <div
              class="platforms"
            >
              Platforms: 
              <div>
                <span
                  class="item"
                >
                  PC, 
                </span>
              </div>
              <div>
                <span
                  class="item"
                >
                  Xbox One
                </span>
              </div>
            </div>
          </div>
        </div>
      </div>
    </div>
    <div
      class="button"
    >
      <button
        class="root"
        type="button"
      >
        Load more
      </button>
    </div>
  </div>
</div>
`;
